// Jest Snapshot v1, https://goo.gl/fbAQLP

exports[`ocp buildServerObject 1`] = `
Object {
  "actualPercentageToSteal": [Function],
  "actualServerGrowthRate": [Function],
  "adjustedGrowthRate": [Function],
  "canHack": [Function],
  "cyclesNeededForGrowthCoefficient": [Function],
  "cyclesNeededForGrowthCoefficientAfterTheft": [Function],
  "getGrowThreadsNeeded": [Function],
  "getGrowThreadsNeededAfterTheft": [Function],
  "getHackThreadsNeeded": [Function],
  "getMoney": [Function],
  "getMoneyPerRamSecond": [Function],
  "getSecurity": [Function],
  "getWeakenThreadsNeededAfterGrowth": [Function],
  "getWeakenThreadsNeededAfterTheft": [Function],
  "growDelay": [Function],
  "hackDelay": [Function],
  "hasRoot": [Function],
  "isPrepped": [Function],
  "maxRam": 4,
  "minDifficulty": 1,
  "moneyMax": 1750000,
  "name": "n00dles",
  "ns": Object {
    "formulas": Object {
      "hacking": Object {
        "growPercent": [Function],
        "growTime": [Function],
        "hackChance": [Function],
        "hackExp": [Function],
        "hackPercent": [Function],
        "hackTime": [Function],
        "weakenTime": [Function],
      },
    },
    "getGrowTime": [Function],
    "getHackTime": [Function],
    "getServer": [Function],
    "getServerMoneyAvailable": [Function],
    "getServerRequiredHackingLevel": [Function],
    "getServerSecurityLevel": [Function],
    "getServerUsedRam": [Function],
    "getWeakenTime": [Function],
    "hasRootAccess": [Function],
  },
  "percentageStolenPerHackThread": [Function],
  "percentageToSteal": 0.0625,
  "prepRegressions": 0,
  "previousCycle": null,
  "previouslyPrepped": false,
  "ramAvailable": [Function],
  "serverGrowthPercentage": [Function],
  "shouldHack": [Function],
  "targetGrowthCoefficient": [Function],
  "targetGrowthCoefficientAfterTheft": [Function],
  "timeToGrow": 1,
  "timeToHack": 1,
  "timeToWeaken": [Function],
  "usedRam": [Function],
  "weakenThreadsNeeded": [Function],
}
`;
